Vivado Simulator 2017.4
Copyright 1986-1999, 2001-2016 Xilinx, Inc. All Rights Reserved.
Running: C:/Xilinx/Vivado/2017.4/bin/unwrapped/win64.o/xelab.exe -top ArithmeticLogicUnitSystemSimulation -snapshot alusyssim -debug typical 
Multi-threading is on. Using 2 slave threads.
Starting static elaboration
WARNING: [VRFC 10-1770] port MuxAOut remains unconnected for this instance [C:/Users/skola/Desktop/ExampleSubmissionv3/ArithmeticLogicUnitSystemSimulation.v:24]
Completed static elaboration
Starting simulation data flow analysis
Completed simulation data flow analysis
Time Resolution for simulation is 1ps
Compiling module work.CrystalOscillator
Compiling module work.Register
Compiling module work.RegisterFile
Compiling module work.AddressRegisterFile
Compiling module work.InstructionRegister
Compiling module work.Memory
Compiling module work.ArithmeticLogicUnit
Compiling module work.ArithmeticLogicUnitSystem
Compiling module work.FileOperation
Compiling module work.ArithmeticLogicUnitSystemSimulat...
Built simulation snapshot alusyssim
