#-----------------------------------------------------------
# xsim v2017.4 (64-bit)
# SW Build 2086221 on Fri Dec 15 20:55:39 MST 2017
# IP Build 2085800 on Fri Dec 15 22:25:07 MST 2017
# Start of session at: Thu Apr  4 14:44:32 2024
# Process ID: 13292
# Current directory: C:/Users/skola/Desktop/ExampleSubmissionv3/Simulation_Files
# Command line: xsim.exe -mode tcl -source {xsim.dir/insregsim/xsim_script.tcl}
# Log file: C:/Users/skola/Desktop/ExampleSubmissionv3/Simulation_Files/xsim.log
# Journal file: C:/Users/skola/Desktop/ExampleSubmissionv3/Simulation_Files\xsim.jou
#-----------------------------------------------------------
source xsim.dir/insregsim/xsim_script.tcl
# xsim {insregsim} -autoloadwcfg -runall
Vivado Simulator 2017.4
Time resolution is 1 ps
run -all
------------------------------------
InstructionRegister Simulation Started
[PASS] Test No: 1, Component: IROut, Actual Value: 0x2315, Expected Value: 0x2315
[PASS] Test No: 2, Component: IROut, Actual Value: 0x1567, Expected Value: 0x1567
InstructionRegister Simulation Finished
0 Test Failed
2 Test Passed
------------------------------------
exit
INFO: [Common 17-206] Exiting xsim at Thu Apr  4 14:44:37 2024...
