#-----------------------------------------------------------
# xsim v2017.4 (64-bit)
# SW Build 2086221 on Fri Dec 15 20:55:39 MST 2017
# IP Build 2085800 on Fri Dec 15 22:25:07 MST 2017
# Start of session at: Thu Apr  4 14:44:56 2024
# Process ID: 7144
# Current directory: C:/Users/skola/Desktop/ExampleSubmissionv3/Simulation_Files
# Command line: xsim.exe -mode tcl -source {xsim.dir/alusyssim/xsim_script.tcl}
# Log file: C:/Users/skola/Desktop/ExampleSubmissionv3/Simulation_Files/xsim.log
# Journal file: C:/Users/skola/Desktop/ExampleSubmissionv3/Simulation_Files\xsim.jou
#-----------------------------------------------------------
source xsim.dir/alusyssim/xsim_script.tcl
# xsim {alusyssim} -autoloadwcfg -runall
Vivado Simulator 2017.4
Time resolution is 1 ps
run -all
------------------------------------
ArithmeticLogicUnitSystem Simulation Started
[PASS] Test No: 1, Component: OutA, Actual Value: 0x7777, Expected Value: 0x7777
[PASS] Test No: 1, Component: OutB, Actual Value: 0x8887, Expected Value: 0x8887
[PASS] Test No: 1, Component: ALUOut, Actual Value: 0xfffe, Expected Value: 0xfffe
[PASS] Test No: 1, Component: Z, Actual Value: 0x0000, Expected Value: 0x0000
[PASS] Test No: 1, Component: C, Actual Value: 0x0000, Expected Value: 0x0000
[PASS] Test No: 1, Component: N, Actual Value: 0x0000, Expected Value: 0x0000
[PASS] Test No: 1, Component: O, Actual Value: 0x0000, Expected Value: 0x0000
[PASS] Test No: 1, Component: MuxAOut, Actual Value: 0xfffe, Expected Value: 0xfffe
[PASS] Test No: 1, Component: MuxBOut, Actual Value: 0xfffe, Expected Value: 0xfffe
[PASS] Test No: 1, Component: MuxCOut, Actual Value: 0x00fe, Expected Value: 0x00fe
[PASS] Test No: 1, Component: R2, Actual Value: 0x0000, Expected Value: 0x0000
[PASS] Test No: 1, Component: S3, Actual Value: 0x0000, Expected Value: 0x0000
[PASS] Test No: 2, Component: OutA, Actual Value: 0x7777, Expected Value: 0x7777
[PASS] Test No: 2, Component: OutB, Actual Value: 0x8887, Expected Value: 0x8887
[PASS] Test No: 2, Component: ALUOut, Actual Value: 0xfffe, Expected Value: 0xfffe
[PASS] Test No: 2, Component: Z, Actual Value: 0x0000, Expected Value: 0x0000
[PASS] Test No: 2, Component: C, Actual Value: 0x0000, Expected Value: 0x0000
[PASS] Test No: 2, Component: N, Actual Value: 0x0001, Expected Value: 0x0001
[PASS] Test No: 2, Component: O, Actual Value: 0x0000, Expected Value: 0x0000
[PASS] Test No: 2, Component: MuxAOut, Actual Value: 0xfffe, Expected Value: 0xfffe
[PASS] Test No: 2, Component: MuxBOut, Actual Value: 0xfffe, Expected Value: 0xfffe
[PASS] Test No: 2, Component: MuxCOut, Actual Value: 0x00fe, Expected Value: 0x00fe
[PASS] Test No: 2, Component: R2, Actual Value: 0xfffe, Expected Value: 0xfffe
[PASS] Test No: 2, Component: S3, Actual Value: 0xfffe, Expected Value: 0xfffe
[PASS] Test No: 2, Component: PC, Actual Value: 0xfffe, Expected Value: 0xfffe
[PASS] Test No: 3, Component: OutC, Actual Value: 0x1254, Expected Value: 0x1254
[PASS] Test No: 3, Component: Address, Actual Value: 0x0023, Expected Value: 0x0023
[PASS] Test No: 3, Component: Memout, Actual Value: 0x0015, Expected Value: 0x0015
[PASS] Test No: 3, Component: IROut, Actual Value: 0x0000, Expected Value: 0x0000
[PASS] Test No: 4, Component: OutC, Actual Value: 0x1254, Expected Value: 0x1254
[PASS] Test No: 4, Component: Address, Actual Value: 0x0023, Expected Value: 0x0023
[PASS] Test No: 4, Component: Memout, Actual Value: 0x0015, Expected Value: 0x0015
[PASS] Test No: 4, Component: IROut, Actual Value: 0x0015, Expected Value: 0x0015
ArithmeticLogicUnitSystem Simulation Finished
0 Test Failed
33 Test Passed
------------------------------------
exit
INFO: [Common 17-206] Exiting xsim at Thu Apr  4 14:45:01 2024...
